.next/types/validator.ts(25,44): error TS2344: Type 'Route' does not satisfy the constraint 'LayoutRoutes'.
  Type 'import("C:/Quantra/OneDrive/Quantra Consulting/General - Documents/Website/Flogent/.next/types/routes").LayoutRoutes' is not assignable to type 'import("C:/Quantra/OneDrive/Quantra Consulting/General - Documents/Website/Flogent/.next/dev/types/routes").LayoutRoutes'.
    Type '"/app"' is not assignable to type 'LayoutRoutes'.
.next/types/validator.ts(25,75): error TS2344: Type 'Route' does not satisfy the constraint 'LayoutRoutes'.
  Type 'import("C:/Quantra/OneDrive/Quantra Consulting/General - Documents/Website/Flogent/.next/types/routes").LayoutRoutes' is not assignable to type 'import("C:/Quantra/OneDrive/Quantra Consulting/General - Documents/Website/Flogent/.next/dev/types/routes").LayoutRoutes'.
    Type '"/app"' is not assignable to type 'LayoutRoutes'.
.next/types/validator.ts(89,39): error TS2307: Cannot find module '../../app/(timesheets)/department/[id]/page.js' or its corresponding type declarations.
.next/types/validator.ts(98,39): error TS2307: Cannot find module '../../app/(timesheets)/project/[id]/page.js' or its corresponding type declarations.
.next/types/validator.ts(282,39): error TS2307: Cannot find module '../../app/(shell)/app/layout.js' or its corresponding type declarations.
components/admin/ProjectsClient.tsx(7,10): error TS2724: '"@/lib/actions/permissions"' has no exported member named 'UserPermissions'. Did you mean 'getUserPermissions'?
